host=rohpcgpu26.mayo.edu job=4275404 gpu=NVIDIA A100-SXM4-80GB
loading locked adapter once: /rodata/azradonc_dev/m253405/jspace-devtrace/data/results/a100_next_boundary_campaign/qwen3_32b_metacog_v3/seed0/m1/checkpoints/step-000100
`torch_dtype` is deprecated! Use `dtype` instead!

Loading checkpoint shards:   0%|          | 0/17 [00:00<?, ?it/s]
Loading checkpoint shards: 100%|██████████| 17/17 [00:00<00:00, 193.44it/s]
  [decoupled] measured 5/68 episodes
  [decoupled] measured 10/68 episodes
  [decoupled] measured 15/68 episodes
  [decoupled] measured 20/68 episodes
  [decoupled] measured 25/68 episodes
  [decoupled] measured 30/68 episodes
  [decoupled] measured 35/68 episodes
  [decoupled] measured 40/68 episodes
  [decoupled] measured 45/68 episodes
  [decoupled] measured 50/68 episodes
  [decoupled] measured 55/68 episodes
  [decoupled] measured 60/68 episodes
  [decoupled] measured 65/68 episodes
The following generation flags are not valid and may be ignored: ['temperature', 'top_p', 'top_k']. Set `TRANSFORMERS_VERBOSITY=info` for more details.
  [compositional] measured 5/52 episodes
  [compositional] measured 10/52 episodes
  [compositional] measured 15/52 episodes
  [compositional] measured 20/52 episodes
  [compositional] measured 25/52 episodes
  [compositional] measured 30/52 episodes
  [compositional] measured 35/52 episodes
  [compositional] measured 40/52 episodes
  [compositional] measured 45/52 episodes
  [compositional] measured 50/52 episodes
M1 decision=AMBER; saved one-shot OOD result -> /rodata/azradonc_dev/m253405/jspace-devtrace/data/results/a100_next_boundary_campaign/qwen3_32b_metacog_v3/seed0/ood/result.json
saved M1 gate report -> /rodata/azradonc_dev/m253405/jspace-devtrace/data/results/a100_next_boundary_campaign/qwen3_32b_metacog_v3/seed0/report/M1_GATE_REPORT.md
STOP: manual_review_required; no H100 job was launched. Artifacts: /rodata/azradonc_dev/m253405/jspace-devtrace/data/results/a100_next_boundary_campaign/qwen3_32b_metacog_v3/seed0
decision ledger hash: /rodata/azradonc_dev/m253405/jspace-devtrace/data/results/a100_next_boundary_campaign/qwen3_32b_metacog_v3/seed0/decision_ledger.jsonl.ood.sha256
