host=rohpcgpu26.mayo.edu job=4275152 gpu=NVIDIA A100-SXM4-80GB
  base_decoupled: 1/68
  base_decoupled: 2/68
  base_decoupled: 3/68
  base_decoupled: 4/68
  base_decoupled: 5/68
  base_decoupled: 6/68
  base_decoupled: 7/68
  base_decoupled: 8/68
  base_decoupled: 9/68
  base_decoupled: 10/68
  base_decoupled: 11/68
  base_decoupled: 12/68
  base_decoupled: 13/68
  base_decoupled: 14/68
  base_decoupled: 15/68
  base_decoupled: 16/68
  base_decoupled: 17/68
  base_decoupled: 18/68
  base_decoupled: 19/68
  base_decoupled: 20/68
  base_decoupled: 21/68
  base_decoupled: 22/68
  base_decoupled: 23/68
  base_decoupled: 24/68
  base_decoupled: 25/68
  base_decoupled: 26/68
  base_decoupled: 27/68
  base_decoupled: 28/68
  base_decoupled: 29/68
  base_decoupled: 30/68
  base_decoupled: 31/68
  base_decoupled: 32/68
  base_decoupled: 33/68
  base_decoupled: 34/68
  base_decoupled: 35/68
  base_decoupled: 36/68
  base_decoupled: 37/68
  base_decoupled: 38/68
  base_decoupled: 39/68
  base_decoupled: 40/68
  base_decoupled: 41/68
  base_decoupled: 42/68
  base_decoupled: 43/68
  base_decoupled: 44/68
  base_decoupled: 45/68
  base_decoupled: 46/68
  base_decoupled: 47/68
  base_decoupled: 48/68
  base_decoupled: 49/68
  base_decoupled: 50/68
  base_decoupled: 51/68
  base_decoupled: 52/68
  base_decoupled: 53/68
  base_decoupled: 54/68
  base_decoupled: 55/68
  base_decoupled: 56/68
  base_decoupled: 57/68
  base_decoupled: 58/68
  base_decoupled: 59/68
  base_decoupled: 60/68
  base_decoupled: 61/68
  base_decoupled: 62/68
  base_decoupled: 63/68
  base_decoupled: 64/68
  base_decoupled: 65/68
  base_decoupled: 66/68
  base_decoupled: 67/68
  base_decoupled: 68/68
base_decoupled: v2=0.3415 v3=0.4020 mass_alone=0.3755 frac_mass<eps=1.000
  base_compositional: 1/52
  base_compositional: 2/52
  base_compositional: 3/52
  base_compositional: 4/52
  base_compositional: 5/52
  base_compositional: 6/52
  base_compositional: 7/52
  base_compositional: 8/52
  base_compositional: 9/52
  base_compositional: 10/52
  base_compositional: 11/52
  base_compositional: 12/52
  base_compositional: 13/52
  base_compositional: 14/52
  base_compositional: 15/52
  base_compositional: 16/52
  base_compositional: 17/52
  base_compositional: 18/52
  base_compositional: 19/52
  base_compositional: 20/52
  base_compositional: 21/52
  base_compositional: 22/52
  base_compositional: 23/52
  base_compositional: 24/52
  base_compositional: 25/52
  base_compositional: 26/52
  base_compositional: 27/52
  base_compositional: 28/52
  base_compositional: 29/52
  base_compositional: 30/52
  base_compositional: 31/52
  base_compositional: 32/52
  base_compositional: 33/52
  base_compositional: 34/52
  base_compositional: 35/52
  base_compositional: 36/52
  base_compositional: 37/52
  base_compositional: 38/52
  base_compositional: 39/52
  base_compositional: 40/52
  base_compositional: 41/52
  base_compositional: 42/52
  base_compositional: 43/52
  base_compositional: 44/52
  base_compositional: 45/52
  base_compositional: 46/52
  base_compositional: 47/52
  base_compositional: 48/52
  base_compositional: 49/52
  base_compositional: 50/52
  base_compositional: 51/52
  base_compositional: 52/52
base_compositional: v2=0.3262 v3=0.4119 mass_alone=0.3842 frac_mass<eps=1.000
REMEASURE_OK 3
