host=rohpcgpu26.mayo.edu job=4267090 gpu=NVIDIA A100-SXM4-80GB
scoring fresh admission policy on 175 ID-train episodes
selected temperature=5 using selection diversity only
B0 recall 1/175: evoked:episode:000000 unique=10 qa_std=0.496
B0 recall 10/175: evoked:episode:000010 unique=6 qa_std=0.484
B0 recall 20/175: evoked:episode:000023 unique=5 qa_std=0.464
B0 recall 30/175: evoked:episode:000034 unique=6 qa_std=0.484
B0 recall 40/175: evoked:episode:000046 unique=9 qa_std=0.484
B0 recall 50/175: evoked:episode:000059 unique=6 qa_std=0.484
B0 recall 60/175: evoked:episode:000073 unique=9 qa_std=0.484
B0 recall 70/175: evoked_g2:episode:000009 unique=8 qa_std=0.496
B0 recall 80/175: evoked_g2:episode:000024 unique=8 qa_std=0.464
B0 recall 90/175: evoked_g2:episode:000035 unique=5 qa_std=0.000
B0 recall 100/175: evoked_g2:episode:000051 unique=6 qa_std=0.484
B0 recall 110/175: explicit:episode:000007 unique=8 qa_std=0.433
B0 recall 120/175: explicit:episode:000021 unique=7 qa_std=0.000
B0 recall 130/175: explicit:episode:000032 unique=6 qa_std=0.000
B0 recall 140/175: explicit:episode:000045 unique=9 qa_std=0.484
B0 recall 150/175: explicit:episode:000058 unique=5 qa_std=0.000
B0 recall 160/175: explicit:episode:000068 unique=6 qa_std=0.500
B0 recall 170/175: explicit:episode:000080 unique=4 qa_std=0.433
{
  "schema_version": 1,
  "counts": {
    "episodes": 175,
    "groups": 175,
    "samples": 2800,
    "references": 175
  },
  "selection_diversity": {
    "groups_with_at_least_2_unique_sets": 175,
    "groups_with_at_least_2_unique_sets_fraction": 1.0,
    "groups_with_at_least_2_unique_sets_percent": 100.0,
    "median_unique_selected_sets": 7.0,
    "mean_unique_selected_sets": 7.377142857142857
  },
  "reward_diversity": {
    "mixed_QA_reward_groups": 154,
    "mixed_QA_reward_groups_fraction": 0.88,
    "mixed_QA_reward_groups_percent": 88.0,
    "groups_with_QA_reward_std_gt_zero": 154,
    "groups_with_QA_reward_std_gt_zero_fraction": 0.88,
    "groups_with_QA_reward_std_gt_zero_percent": 88.0,
    "mean_within_group_QA_reward_std": 0.4143240896687083,
    "mean_QA_reward": 0.4432142857142857
  },
  "containment_diversity": {
    "mixed_containment_groups": 174,
    "mixed_containment_groups_fraction": 0.9942857142857143,
    "mixed_containment_groups_percent": 99.42857142857143
  },
  "containment_QA_relationship": {
    "retained_samples": 1347,
    "retained_correct": 1072,
    "not_retained_samples": 1453,
    "not_retained_correct": 169,
    "P_QA_correct_given_load_bearing_retained": 0.7958426132145509,
    "P_QA_correct_given_load_bearing_not_retained": 0.11631108052305575,
    "difference": 0.6795315326914951
  },
  "references": {
    "exploitable_episode_definition": "oracle-selected memory produces a correct downstream answer",
    "exploitable_episodes": 157,
    "exploitable_fraction": 0.8971428571428571,
    "oracle_QA_accuracy": 0.8971428571428571,
    "full_context_QA_accuracy": 0.4228571428571429,
    "no_memory_QA_accuracy": 0.14285714285714285,
    "memory_dependent_exploitable_episodes_secondary": 132,
    "memory_dependent_exploitable_fraction_secondary": 0.7542857142857143
  },
  "gate_b0": {
    "status": "GREEN",
    "observed": {
      "mixed_QA_reward_groups_fraction": 0.88,
      "median_unique_selected_sets": 7.0
    },
    "thresholds": {
      "green_mixed_QA_reward_groups_fraction_min": 0.4,
      "green_median_unique_selected_sets_min": 4.0,
      "red_mixed_QA_reward_groups_fraction_max_exclusive": 0.2
    },
    "reasons": [
      "both GREEN thresholds are satisfied"
    ],
    "next_action": "run RL-QA, then run Hybrid"
  },
  "by_source": {
    "evoked": {
      "schema_version": 1,
      "counts": {
        "episodes": 60,
        "groups": 60,
        "samples": 960,
        "references": 60
      },
      "selection_diversity": {
        "groups_with_at_least_2_unique_sets": 60,
        "groups_with_at_least_2_unique_sets_fraction": 1.0,
        "groups_with_at_least_2_unique_sets_percent": 100.0,
        "median_unique_selected_sets": 7.5,
        "mean_unique_selected_sets": 7.283333333333333
      },
      "reward_diversity": {
        "mixed_QA_reward_groups": 60,
        "mixed_QA_reward_groups_fraction": 1.0,
        "mixed_QA_reward_groups_percent": 100.0,
        "groups_with_QA_reward_std_gt_zero": 60,
        "groups_with_QA_reward_std_gt_zero_fraction": 1.0,
        "groups_with_QA_reward_std_gt_zero_percent": 100.0,
        "mean_within_group_QA_reward_std": 0.46775038385073603,
        "mean_QA_reward": 0.48541666666666666
      },
      "containment_diversity": {
        "mixed_containment_groups": 60,
        "mixed_containment_groups_fraction": 1.0,
        "mixed_containment_groups_percent": 100.0
      },
      "containment_QA_relationship": {
        "retained_samples": 409,
        "retained_correct": 409,
        "not_retained_samples": 551,
        "not_retained_correct": 57,
        "P_QA_correct_given_load_bearing_retained": 1.0,
        "P_QA_correct_given_load_bearing_not_retained": 0.10344827586206896,
        "difference": 0.896551724137931
      },
      "references": {
        "exploitable_episode_definition": "oracle-selected memory produces a correct downstream answer",
        "exploitable_episodes": 60,
        "exploitable_fraction": 1.0,
        "oracle_QA_accuracy": 1.0,
        "full_context_QA_accuracy": 0.23333333333333334,
        "no_memory_QA_accuracy": 0.06666666666666667
      },
      "gate_b0": {
        "status": "GREEN",
        "observed": {
          "mixed_QA_reward_groups_fraction": 1.0,
          "median_unique_selected_sets": 7.5
        },
        "thresholds": {
          "green_mixed_QA_reward_groups_fraction_min": 0.4,
          "green_median_unique_selected_sets_min": 4.0,
          "red_mixed_QA_reward_groups_fraction_max_exclusive": 0.2
        },
        "reasons": [
          "both GREEN thresholds are satisfied"
        ],
        "next_action": "run RL-QA, then run Hybrid"
      }
    },
    "evoked_g2": {
      "schema_version": 1,
      "counts": {
        "episodes": 45,
        "groups": 45,
        "samples": 720,
        "references": 45
      },
      "selection_diversity": {
        "groups_with_at_least_2_unique_sets": 45,
        "groups_with_at_least_2_unique_sets_fraction": 1.0,
        "groups_with_at_least_2_unique_sets_percent": 100.0,
        "median_unique_selected_sets": 8.0,
        "mean_unique_selected_sets": 7.511111111111111
      },
      "reward_diversity": {
        "mixed_QA_reward_groups": 44,
        "mixed_QA_reward_groups_fraction": 0.9777777777777777,
        "mixed_QA_reward_groups_percent": 97.77777777777777,
        "groups_with_QA_reward_std_gt_zero": 44,
        "groups_with_QA_reward_std_gt_zero_fraction": 0.9777777777777777,
        "groups_with_QA_reward_std_gt_zero_percent": 97.77777777777777,
        "mean_within_group_QA_reward_std": 0.46615169584665794,
        "mean_QA_reward": 0.4791666666666667
      },
      "containment_diversity": {
        "mixed_containment_groups": 45,
        "mixed_containment_groups_fraction": 1.0,
        "mixed_containment_groups_percent": 100.0
      },
      "containment_QA_relationship": {
        "retained_samples": 278,
        "retained_correct": 278,
        "not_retained_samples": 442,
        "not_retained_correct": 67,
        "P_QA_correct_given_load_bearing_retained": 1.0,
        "P_QA_correct_given_load_bearing_not_retained": 0.1515837104072398,
        "difference": 0.8484162895927602
      },
      "references": {
        "exploitable_episode_definition": "oracle-selected memory produces a correct downstream answer",
        "exploitable_episodes": 45,
        "exploitable_fraction": 1.0,
        "oracle_QA_accuracy": 1.0,
        "full_context_QA_accuracy": 0.2,
        "no_memory_QA_accuracy": 0.2222222222222222
      },
      "gate_b0": {
        "status": "GREEN",
        "observed": {
          "mixed_QA_reward_groups_fraction": 0.9777777777777777,
          "median_unique_selected_sets": 8.0
        },
        "thresholds": {
          "green_mixed_QA_reward_groups_fraction_min": 0.4,
          "green_median_unique_selected_sets_min": 4.0,
          "red_mixed_QA_reward_groups_fraction_max_exclusive": 0.2
        },
        "reasons": [
          "both GREEN thresholds are satisfied"
        ],
        "next_action": "run RL-QA, then run Hybrid"
      }
    },
    "explicit": {
      "schema_version": 1,
      "counts": {
        "episodes": 70,
        "groups": 70,
        "samples": 1120,
        "references": 70
      },
      "selection_diversity": {
        "groups_with_at_least_2_unique_sets": 70,
        "groups_with_at_least_2_unique_sets_fraction": 1.0,
        "groups_with_at_least_2_unique_sets_percent": 100.0,
        "median_unique_selected_sets": 7.0,
        "mean_unique_selected_sets": 7.371428571428571
      },
      "reward_diversity": {
        "mixed_QA_reward_groups": 50,
        "mixed_QA_reward_groups_fraction": 0.7142857142857143,
        "mixed_QA_reward_groups_percent": 71.42857142857143,
        "groups_with_QA_reward_std_gt_zero": 50,
        "groups_with_QA_reward_std_gt_zero_fraction": 0.7142857142857143,
        "groups_with_QA_reward_std_gt_zero_percent": 71.42857142857143,
        "mean_within_group_QA_reward_std": 0.3352123763982884,
        "mean_QA_reward": 0.38392857142857145
      },
      "containment_diversity": {
        "mixed_containment_groups": 69,
        "mixed_containment_groups_fraction": 0.9857142857142858,
        "mixed_containment_groups_percent": 98.57142857142858
      },
      "containment_QA_relationship": {
        "retained_samples": 660,
        "retained_correct": 385,
        "not_retained_samples": 460,
        "not_retained_correct": 45,
        "P_QA_correct_given_load_bearing_retained": 0.5833333333333334,
        "P_QA_correct_given_load_bearing_not_retained": 0.09782608695652174,
        "difference": 0.48550724637681164
      },
      "references": {
        "exploitable_episode_definition": "oracle-selected memory produces a correct downstream answer",
        "exploitable_episodes": 52,
        "exploitable_fraction": 0.7428571428571429,
        "oracle_QA_accuracy": 0.7428571428571429,
        "full_context_QA_accuracy": 0.7285714285714285,
        "no_memory_QA_accuracy": 0.15714285714285714
      },
      "gate_b0": {
        "status": "GREEN",
        "observed": {
          "mixed_QA_reward_groups_fraction": 0.7142857142857143,
          "median_unique_selected_sets": 7.0
        },
        "thresholds": {
          "green_mixed_QA_reward_groups_fraction_min": 0.4,
          "green_median_unique_selected_sets_min": 4.0,
          "red_mixed_QA_reward_groups_fraction_max_exclusive": 0.2
        },
        "reasons": [
          "both GREEN thresholds are satisfied"
        ],
        "next_action": "run RL-QA, then run Hybrid"
      }
    }
  },
  "g8_sensitivity": {
    "role": "secondary sensitivity for the planned B1 group size; does not replace the G16 B0 gate",
    "groups": 350,
    "mixed_QA_reward_groups": 296,
    "mixed_QA_reward_groups_fraction": 0.8457142857142858,
    "mixed_QA_reward_groups_percent": 84.57142857142857,
    "median_unique_selected_sets": 5.0,
    "mean_unique_selected_sets": 5.3,
    "mean_within_group_QA_reward_std": 0.38866513383938767,
    "gate_if_G8_thresholds_were_applied": {
      "status": "GREEN",
      "observed": {
        "mixed_QA_reward_groups_fraction": 0.8457142857142858,
        "median_unique_selected_sets": 5.0
      },
      "thresholds": {
        "green_mixed_QA_reward_groups_fraction_min": 0.4,
        "green_median_unique_selected_sets_min": 4.0,
        "red_mixed_QA_reward_groups_fraction_max_exclusive": 0.2
      },
      "reasons": [
        "both GREEN thresholds are satisfied"
      ],
      "next_action": "run RL-QA, then run Hybrid"
    }
  },
  "stage": "B0",
  "status": "complete",
  "training_performed": false,
  "selected_temperature": 5.0,
  "split_manifest_sha256": "5fc4d99e708744ebf4a872c86287c337d25a32c8725c5c1656740cb3a00cfb2a",
  "elapsed_seconds": 1114.884717464447,
  "artifacts": {
    "samples.jsonl": "d2afec37c1164c33645b478a15bf1c51e7dba77e6190d0f30cf9487dc307167a",
    "groups.jsonl": "c6ff8c39f085ab1a77c3035fa77befc2e37db6fd49a68df097360d45b3657c1b",
    "references.jsonl": "55886305b5dbc1f879a0d20b460781541cf83ef10dbbc84433cf2516719c7738",
    "temperature_calibration.json": "9fda9280a6a0ddfded62b6d75aa29c112db2832c0672ac1b381c67fd4ed9b4e2",
    "split_manifest.json": "09e64597d095e6f0122b9e6ec291fbf44cdf2dda4559540fc3e087b420e3025b"
  }
}
{
  "schema_version": 1,
  "status": "pass",
  "profile": "formal",
  "run_dir": "/rodata/azradonc_dev/m253405/jspace-devtrace/data/results/rlqa_a100/b0_s0_k2_g16_t5",
  "details": {
    "manifest_sha256": "5fc4d99e708744ebf4a872c86287c337d25a32c8725c5c1656740cb3a00cfb2a",
    "resolved_model_commit": "b968826d9c46dd6066d109eabc6255188de91218",
    "selected_temperature": 5.0,
    "episodes": 175,
    "samples": 2800,
    "groups": 175,
    "references": 175,
    "gate_b0": "GREEN"
  },
  "errors": [],
  "warnings": []
}
B0_OK
